Cloning into '.cordis-py'...
Using CPython 3.14.3
Creating virtual environment at: .venv
Activate with: source .venv/bin/activate
Resolved 10 packages in 352ms
   Building cordis @ file:///private/tmp/revl-252-2894/backends/python/.cordis-py
   Building revl @ file:///private/tmp/revl-252-2894
      Built cordis @ file:///private/tmp/revl-252-2894/backends/python/.cordis-py
      Built revl @ file:///private/tmp/revl-252-2894
Prepared 2 packages in 5.20s
Installed 10 packages in 48ms
 + cordis==4.0.0 (from file:///private/tmp/revl-252-2894/backends/python/.cordis-py)
 + iniconfig==2.3.0
 + packaging==26.3
 + pluggy==1.6.0
 + pygments==2.21.0
 + pytest==9.1.1
 + pytest-asyncio==1.4.0
 + pyyaml==6.0.3
 + revl==2.0.0 (from file:///private/tmp/revl-252-2894)
 + watchdog==6.0.0

setup complete — run the suite with:  .venv/bin/pytest
                 run the demo with:   .venv/bin/python demo.py
                 run a composition:   .venv/bin/python -m revl run ../../examples/user_cache.rvl
