sssssssss...............................................ssssssssssss.... [  0%]
.................ssssssssss..ss......................................sss [  1%]
ssssssss.sssss.sssssss.................................................. [  2%]
........sssss..sssssssssss.s..ss...sssssss.......................s...... [  3%]
..........................s................s.....ss......ss............. [  4%]
........................................................................ [  5%]
...............sssssssssssss............................................ [  6%]
........................................................................ [  7%]
..........................................sssssss........ssss........... [  8%]
........................................................................ [  9%]
........................................................................ [ 10%]
........................................................................ [ 11%]
........................................................................ [ 12%]
........................................................................ [ 13%]
.......ss.......................................................s....... [ 14%]
...................ssss............sssssss.......sssssssssssssss........ [ 15%]
..ssss..s.ss.s.ss..s..s.ss....s.ss.s.ss.....s..s.ss....s.ss..s.ss.s...s. [ 16%]
..s...s...s...s..ssss......ssss....ssssssssssss....ssss....ssssssssssss. [ 17%]
..s..................................................................... [ 18%]
............s.........................................................ss [ 19%]
sssss.ssss.............................................................. [ 20%]
........................................................................ [ 21%]
........................................................................ [ 22%]
............s..................................s......s................. [ 23%]
...........s............................................................ [ 24%]
........................................................................ [ 25%]
...........................................................sss..s....... [ 26%]
..........................................sssss.......ssss......ssss.... [ 27%]
........................................................................ [ 28%]
........................................................................ [ 29%]
........................................................................ [ 30%]
..................................sssss................................. [ 31%]
.........................................................s.............. [ 32%]
........................................................................ [ 33%]
......................F.F........................ssssss....s......sss... [ 34%]
........................................................................ [ 35%]
........................................................................ [ 36%]
........................................................................ [ 37%]
.......................................s................................ [ 38%]
.......................................................ss..ss....ss..s.. [ 39%]
.....................................................................sss [ 40%]
sssssssssssssss......................................................... [ 41%]
........................................................................ [ 42%]
..................................ss.s....sssss......................... [ 43%]
........................................................................ [ 44%]
........................................s........s...s.................s [ 45%]
..............ssssssss...........................s................s..... [ 46%]
.....ss.....sssssssssss.......s......................................... [ 47%]
.......................................s............................sss. [ 48%]
.................................s...................................... [ 49%]
ssssss......................................sssssssssssss............... [ 50%]
........................................................................ [ 51%]
........................................................................ [ 52%]
.............sssssssss.................................................. [ 53%]
.....................................ss...ssss...ss....................s [ 54%]
........................................................................ [ 55%]
..........................................ssss.......................... [ 56%]
..........sssssssssssss.s.........ss........s........................... [ 57%]
ss.s...............................................................sssss [ 58%]
s......ss............................................ss................. [ 59%]
..............sssssssss..........................ssssssssssss........... [ 60%]
........................................................................ [ 61%]
........................................................................ [ 62%]
........................................................................ [ 63%]
........................................................................ [ 64%]
........................................................................ [ 65%]
.....................